------------------------------------------------------------
Timing Analyzer Summary
------------------------------------------------------------

Type  : Slow 1200mV 85C Model Setup 'present_state.s_data'
Slack : -8.023
TNS   : -216.244

Type  : Slow 1200mV 85C Model Setup 'baudrate_gen:UART_BAUD|clk16_reg[0]'
Slack : -6.896
TNS   : -166.697

Type  : Slow 1200mV 85C Model Setup 'clk'
Slack : -2.595
TNS   : -26.571

Type  : Slow 1200mV 85C Model Hold 'baudrate_gen:UART_BAUD|clk16_reg[0]'
Slack : 0.243
TNS   : 0.000

Type  : Slow 1200mV 85C Model Hold 'clk'
Slack : 0.580
TNS   : 0.000

Type  : Slow 1200mV 85C Model Hold 'present_state.s_data'
Slack : 0.916
TNS   : 0.000

Type  : Slow 1200mV 85C Model Minimum Pulse Width 'clk'
Slack : -3.000
TNS   : -21.239

Type  : Slow 1200mV 85C Model Minimum Pulse Width 'baudrate_gen:UART_BAUD|clk16_reg[0]'
Slack : 0.061
TNS   : 0.000

Type  : Slow 1200mV 85C Model Minimum Pulse Width 'present_state.s_data'
Slack : 0.417
TNS   : 0.000

Type  : Slow 1200mV 0C Model Setup 'present_state.s_data'
Slack : -7.575
TNS   : -197.232

Type  : Slow 1200mV 0C Model Setup 'baudrate_gen:UART_BAUD|clk16_reg[0]'
Slack : -6.542
TNS   : -150.319

Type  : Slow 1200mV 0C Model Setup 'clk'
Slack : -2.205
TNS   : -22.334

Type  : Slow 1200mV 0C Model Hold 'baudrate_gen:UART_BAUD|clk16_reg[0]'
Slack : 0.190
TNS   : 0.000

Type  : Slow 1200mV 0C Model Hold 'clk'
Slack : 0.468
TNS   : 0.000

Type  : Slow 1200mV 0C Model Hold 'present_state.s_data'
Slack : 0.779
TNS   : 0.000

Type  : Slow 1200mV 0C Model Minimum Pulse Width 'clk'
Slack : -3.000
TNS   : -21.239

Type  : Slow 1200mV 0C Model Minimum Pulse Width 'baudrate_gen:UART_BAUD|clk16_reg[0]'
Slack : 0.000
TNS   : 0.000

Type  : Slow 1200mV 0C Model Minimum Pulse Width 'present_state.s_data'
Slack : 0.307
TNS   : 0.000

Type  : Fast 1200mV 0C Model Setup 'present_state.s_data'
Slack : -2.936
TNS   : -77.463

Type  : Fast 1200mV 0C Model Setup 'baudrate_gen:UART_BAUD|clk16_reg[0]'
Slack : -2.480
TNS   : -55.662

Type  : Fast 1200mV 0C Model Setup 'clk'
Slack : -0.857
TNS   : -7.548

Type  : Fast 1200mV 0C Model Hold 'baudrate_gen:UART_BAUD|clk16_reg[0]'
Slack : 0.179
TNS   : 0.000

Type  : Fast 1200mV 0C Model Hold 'clk'
Slack : 0.199
TNS   : 0.000

Type  : Fast 1200mV 0C Model Hold 'present_state.s_data'
Slack : 0.567
TNS   : 0.000

Type  : Fast 1200mV 0C Model Minimum Pulse Width 'clk'
Slack : -3.000
TNS   : -16.081

Type  : Fast 1200mV 0C Model Minimum Pulse Width 'baudrate_gen:UART_BAUD|clk16_reg[0]'
Slack : 0.216
TNS   : 0.000

Type  : Fast 1200mV 0C Model Minimum Pulse Width 'present_state.s_data'
Slack : 0.345
TNS   : 0.000

------------------------------------------------------------
