------------------------------------------------------------
Timing Analyzer Summary
------------------------------------------------------------

Type  : Slow 1200mV 85C Model Setup 'clk'
Slack : -3.139
TNS   : -80.877

Type  : Slow 1200mV 85C Model Setup 'delay_done'
Slack : -2.888
TNS   : -33.169

Type  : Slow 1200mV 85C Model Hold 'clk'
Slack : 0.417
TNS   : 0.000

Type  : Slow 1200mV 85C Model Hold 'delay_done'
Slack : 0.619
TNS   : 0.000

Type  : Slow 1200mV 85C Model Recovery 'delay_done'
Slack : -2.865
TNS   : -15.979

Type  : Slow 1200mV 85C Model Removal 'delay_done'
Slack : 1.463
TNS   : 0.000

Type  : Slow 1200mV 85C Model Minimum Pulse Width 'clk'
Slack : -3.000
TNS   : -56.314

Type  : Slow 1200mV 85C Model Minimum Pulse Width 'delay_done'
Slack : 0.360
TNS   : 0.000

Type  : Slow 1200mV 0C Model Setup 'clk'
Slack : -2.761
TNS   : -69.943

Type  : Slow 1200mV 0C Model Setup 'delay_done'
Slack : -2.641
TNS   : -29.542

Type  : Slow 1200mV 0C Model Hold 'clk'
Slack : 0.384
TNS   : 0.000

Type  : Slow 1200mV 0C Model Hold 'delay_done'
Slack : 0.626
TNS   : 0.000

Type  : Slow 1200mV 0C Model Recovery 'delay_done'
Slack : -2.688
TNS   : -14.896

Type  : Slow 1200mV 0C Model Removal 'delay_done'
Slack : 1.363
TNS   : 0.000

Type  : Slow 1200mV 0C Model Minimum Pulse Width 'clk'
Slack : -3.000
TNS   : -56.314

Type  : Slow 1200mV 0C Model Minimum Pulse Width 'delay_done'
Slack : 0.315
TNS   : 0.000

Type  : Fast 1200mV 0C Model Setup 'clk'
Slack : -0.769
TNS   : -17.077

Type  : Fast 1200mV 0C Model Setup 'delay_done'
Slack : -0.678
TNS   : -4.504

Type  : Fast 1200mV 0C Model Hold 'clk'
Slack : 0.165
TNS   : 0.000

Type  : Fast 1200mV 0C Model Hold 'delay_done'
Slack : 0.180
TNS   : 0.000

Type  : Fast 1200mV 0C Model Recovery 'delay_done'
Slack : -0.681
TNS   : -2.929

Type  : Fast 1200mV 0C Model Removal 'delay_done'
Slack : 0.456
TNS   : 0.000

Type  : Fast 1200mV 0C Model Minimum Pulse Width 'clk'
Slack : -3.000
TNS   : -41.962

Type  : Fast 1200mV 0C Model Minimum Pulse Width 'delay_done'
Slack : 0.375
TNS   : 0.000

------------------------------------------------------------
